
---2025-06-17 17:12:56---
Raw Input: {"action":"get_transactions","userId":"2"}
Decoded Data: Array
(
    [action] => get_transactions
    [userId] => 2
)

_POST: Array
(
)

Action: get_transactions
UserID: 2

---2025-06-17 17:27:14---
Raw Input: {"action":"get_transactions","userId":"2"}
Decoded Data: Array
(
    [action] => get_transactions
    [userId] => 2
)

_POST: Array
(
)

Action: get_transactions
UserID: 2

---2025-06-17 17:28:51---
Raw Input: {"action":"get_transactions","userId":"2"}
Decoded Data: Array
(
    [action] => get_transactions
    [userId] => 2
)

_POST: Array
(
)

Action: get_transactions
UserID: 2
